<?php // {"optimizedFunctionsOnly": false}

namespace App;

use function strlen;
use const PHP_VERSION;

class MyClass
{
    public function run()
    {
        strlen('foo');
        echo PHP_VERSION;
    }
}
